// Jest Snapshot v1, https://goo.gl/fbAQLP

exports[`Layout renders correctly 1`] = `
Array [
  <header
    className="sc-bdnxRM czvUhT"
  >
    <h1
      style={
        Object {
          "margin": 0,
        }
      }
    >
      <a
        href="/"
      >
        Title
      </a>
    </h1>
    <nav
      style={
        Object {
          "width": "60%",
        }
      }
    >
      <ul>
        <li
          style={
            Object {
              "margin": 0,
            }
          }
        >
          <a
            href="/search"
          >
            Search!
          </a>
        </li>
        <li
          style={
            Object {
              "margin": 0,
            }
          }
        >
          <a
            href="https://github.com/mollzilla"
            to="/404"
          >
            About
          </a>
        </li>
      </ul>
    </nav>
  </header>,
  <main
    style={
      Object {
        "backgroundColor": "#AECF8080",
      }
    }
  />,
  <footer
    style={
      Object {
        "marginTop": "2rem",
      }
    }
  >
    Â© 
    2021
    , Built with
     
    <a
      href="https://github.com/mollzilla"
    >
      Gatsby by Mollzilla.
    </a>
    <br />
    <a
      href="https://github.com/mollzilla"
    >
      Find out why they call me Mollzilla.
    </a>
  </footer>,
]
`;
